{"synthetic": false,
 "schemaVersion": "2025-09-10",
 "outputs":
 {"o": ["210aaad054bda225.olean"],
  "m": false,
  "i": "8692b6b451fb1660.ilean",
  "c": "e4698babe3bc895c.c"},
 "log":
 [{"message":
   ".> LEAN_PATH=/media/citizen/b361d448-7c51-413a-aa23-9515cb626930/home/citizen/Multiplicity/packages/Echonomics/.lake/build/lib/lean /home/citizen/.elan/toolchains/leanprover--lean4---v4.33.0-rc2/bin/lean /media/citizen/b361d448-7c51-413a-aa23-9515cb626930/home/citizen/Multiplicity/packages/Echonomics/lean/Echonomics/CivicDunaGate.lean -o /media/citizen/b361d448-7c51-413a-aa23-9515cb626930/home/citizen/Multiplicity/packages/Echonomics/.lake/build/lib/lean/Echonomics/CivicDunaGate.olean -i /media/citizen/b361d448-7c51-413a-aa23-9515cb626930/home/citizen/Multiplicity/packages/Echonomics/.lake/build/lib/lean/Echonomics/CivicDunaGate.ilean -c /media/citizen/b361d448-7c51-413a-aa23-9515cb626930/home/citizen/Multiplicity/packages/Echonomics/.lake/build/ir/Echonomics/CivicDunaGate.c --setup /media/citizen/b361d448-7c51-413a-aa23-9515cb626930/home/citizen/Multiplicity/packages/Echonomics/.lake/build/ir/Echonomics/CivicDunaGate.setup.json --json",
   "level": "trace"}],
 "inputs":
 [["deps",
   [["Echonomics/Echonomics:extraDep",
     [["@Echonomics:extraDep", "00000000000006bb"]]],
    ["imports",
     [["Echonomics.Core transitive imports (legacy)", "00000000000006bb"],
      ["Echonomics.Core:importAllArts", "74c47d4f1dfe6424"]]]]],
  ["libs",
   [["import dynlibs", "00000000000006bb"],
    ["package external libraries", "00000000000006bb"],
    ["module dynlibs", "00000000000006bb"],
    ["module plugins", "00000000000006bb"]]],
  ["Lean 4.33.0, commit d8b18978322de05a8f3dba51ef03cf5461676c17",
   "3eca9d16ab6c877d"],
  ["/media/citizen/b361d448-7c51-413a-aa23-9515cb626930/home/citizen/Multiplicity/packages/Echonomics/lean/Echonomics/CivicDunaGate.lean",
   "29676e8c3648a2c1"],
  ["options", "00000000000006bb"],
  ["isModule: false", "feefd2a0d3a1847e"],
  ["Module.name: Echonomics.CivicDunaGate", "b1260fef593b8d8b"],
  ["Package.id?: (some Echonomics)", "d80dab19a23b5a78"],
  ["Module.leanArgs: #[]", "00000000000006bb"]],
 "depHash": "6d54a33d35dff794"}