{"synthetic": false,
 "schemaVersion": "2025-09-10",
 "outputs":
 {"o": ["b0f1bc5bed4dd1fe.olean"],
  "m": false,
  "i": "893858fd7b9ed6f0.ilean",
  "c": "d821b461befba96c.c"},
 "log":
 [{"message":
   ".> LEAN_PATH=/media/citizen/b361d448-7c51-413a-aa23-9515cb626930/home/citizen/Multiplicity/packages/Echonomics/.lake/build/lib/lean /home/citizen/.elan/toolchains/leanprover--lean4---v4.33.0-rc2/bin/lean /media/citizen/b361d448-7c51-413a-aa23-9515cb626930/home/citizen/Multiplicity/packages/Echonomics/lean/Echonomics/HundianCodebookRunbook.lean -o /media/citizen/b361d448-7c51-413a-aa23-9515cb626930/home/citizen/Multiplicity/packages/Echonomics/.lake/build/lib/lean/Echonomics/HundianCodebookRunbook.olean -i /media/citizen/b361d448-7c51-413a-aa23-9515cb626930/home/citizen/Multiplicity/packages/Echonomics/.lake/build/lib/lean/Echonomics/HundianCodebookRunbook.ilean -c /media/citizen/b361d448-7c51-413a-aa23-9515cb626930/home/citizen/Multiplicity/packages/Echonomics/.lake/build/ir/Echonomics/HundianCodebookRunbook.c --setup /media/citizen/b361d448-7c51-413a-aa23-9515cb626930/home/citizen/Multiplicity/packages/Echonomics/.lake/build/ir/Echonomics/HundianCodebookRunbook.setup.json --json",
   "level": "trace"},
  {"message":
   "lean/Echonomics/HundianCodebookRunbook.lean:182:32: Variable name `e` is not explicitly referenced.\n\nHint: The binding can be removed (if unused) or named `_` (if used implicitly). Alternatively, prefix the name with `_` to silence this warning:\n  [apply] _e\n\nNote: This linter can be disabled with `set_option linter.unusedVariables false`",
   "level": "warning"},
  {"message":
   "lean/Echonomics/HundianCodebookRunbook.lean:187:26: Variable name `w` is not explicitly referenced.\n\nHint: The binding can be removed (if unused) or named `_` (if used implicitly). Alternatively, prefix the name with `_` to silence this warning:\n  [apply] _w\n\nNote: This linter can be disabled with `set_option linter.unusedVariables false`",
   "level": "warning"}],
 "inputs":
 [["deps",
   [["Echonomics/Echonomics:extraDep",
     [["@Echonomics:extraDep", "00000000000006bb"]]],
    ["imports",
     [["Echonomics.Core transitive imports (legacy)", "00000000000006bb"],
      ["Echonomics.Core:importAllArts", "74c47d4f1dfe6424"]]]]],
  ["libs",
   [["import dynlibs", "00000000000006bb"],
    ["package external libraries", "00000000000006bb"],
    ["module dynlibs", "00000000000006bb"],
    ["module plugins", "00000000000006bb"]]],
  ["Lean 4.33.0, commit d8b18978322de05a8f3dba51ef03cf5461676c17",
   "3eca9d16ab6c877d"],
  ["/media/citizen/b361d448-7c51-413a-aa23-9515cb626930/home/citizen/Multiplicity/packages/Echonomics/lean/Echonomics/HundianCodebookRunbook.lean",
   "1d7bd0533a335b87"],
  ["options", "00000000000006bb"],
  ["isModule: false", "feefd2a0d3a1847e"],
  ["Module.name: Echonomics.HundianCodebookRunbook", "0199cd91d3ea56ea"],
  ["Package.id?: (some Echonomics)", "d80dab19a23b5a78"],
  ["Module.leanArgs: #[]", "00000000000006bb"]],
 "depHash": "91c0f2c0ef0556d3"}