{"synthetic": false,
 "schemaVersion": "2025-09-10",
 "outputs":
 {"o": ["faf24a56746b61e9.olean"],
  "m": false,
  "i": "0332e685f6581ddf.ilean",
  "c": "4e7f306781ba8192.c"},
 "log":
 [{"message":
   ".> LEAN_PATH=/media/citizen/b361d448-7c51-413a-aa23-9515cb626930/home/citizen/Multiplicity/packages/Echonomics/.lake/build/lib/lean /home/citizen/.elan/toolchains/leanprover--lean4---v4.33.0-rc2/bin/lean /media/citizen/b361d448-7c51-413a-aa23-9515cb626930/home/citizen/Multiplicity/packages/Echonomics/lean/Echonomics/TrifectaProtocolReview.lean -o /media/citizen/b361d448-7c51-413a-aa23-9515cb626930/home/citizen/Multiplicity/packages/Echonomics/.lake/build/lib/lean/Echonomics/TrifectaProtocolReview.olean -i /media/citizen/b361d448-7c51-413a-aa23-9515cb626930/home/citizen/Multiplicity/packages/Echonomics/.lake/build/lib/lean/Echonomics/TrifectaProtocolReview.ilean -c /media/citizen/b361d448-7c51-413a-aa23-9515cb626930/home/citizen/Multiplicity/packages/Echonomics/.lake/build/ir/Echonomics/TrifectaProtocolReview.c --setup /media/citizen/b361d448-7c51-413a-aa23-9515cb626930/home/citizen/Multiplicity/packages/Echonomics/.lake/build/ir/Echonomics/TrifectaProtocolReview.setup.json --json",
   "level": "trace"}],
 "inputs":
 [["deps",
   [["Echonomics/Echonomics:extraDep",
     [["@Echonomics:extraDep", "00000000000006bb"]]],
    ["imports",
     [["Echonomics.Core transitive imports (legacy)", "00000000000006bb"],
      ["Echonomics.Core:importAllArts", "74c47d4f1dfe6424"]]]]],
  ["libs",
   [["import dynlibs", "00000000000006bb"],
    ["package external libraries", "00000000000006bb"],
    ["module dynlibs", "00000000000006bb"],
    ["module plugins", "00000000000006bb"]]],
  ["Lean 4.33.0, commit d8b18978322de05a8f3dba51ef03cf5461676c17",
   "3eca9d16ab6c877d"],
  ["/media/citizen/b361d448-7c51-413a-aa23-9515cb626930/home/citizen/Multiplicity/packages/Echonomics/lean/Echonomics/TrifectaProtocolReview.lean",
   "654c151bb106f079"],
  ["options", "00000000000006bb"],
  ["isModule: false", "feefd2a0d3a1847e"],
  ["Module.name: Echonomics.TrifectaProtocolReview", "293f21d3f0d18286"],
  ["Package.id?: (some Echonomics)", "d80dab19a23b5a78"],
  ["Module.leanArgs: #[]", "00000000000006bb"]],
 "depHash": "98e43d4481f6334d"}